Archive member included to satisfy reference by file (symbol)

c:/users/admin/onedrive - stu.cdu.edu.cn/2024fpga/hummingbird/hbird-eclipse_2018_09/gnu mcu eclipse/risc-v embedded gcc/7.2.0-4-20180606-1631/bin/../lib/gcc/riscv-none-embed/7.2.0/rv32im/ilp32\libgcc.a(muldf3.o)
                              ./src/uart.o (__muldf3)
c:/users/admin/onedrive - stu.cdu.edu.cn/2024fpga/hummingbird/hbird-eclipse_2018_09/gnu mcu eclipse/risc-v embedded gcc/7.2.0-4-20180606-1631/bin/../lib/gcc/riscv-none-embed/7.2.0/rv32im/ilp32\libgcc.a(subdf3.o)
                              ./src/uart.o (__subdf3)
c:/users/admin/onedrive - stu.cdu.edu.cn/2024fpga/hummingbird/hbird-eclipse_2018_09/gnu mcu eclipse/risc-v embedded gcc/7.2.0-4-20180606-1631/bin/../lib/gcc/riscv-none-embed/7.2.0/rv32im/ilp32\libgcc.a(fixdfsi.o)
                              ./src/uart.o (__fixdfsi)
c:/users/admin/onedrive - stu.cdu.edu.cn/2024fpga/hummingbird/hbird-eclipse_2018_09/gnu mcu eclipse/risc-v embedded gcc/7.2.0-4-20180606-1631/bin/../lib/gcc/riscv-none-embed/7.2.0/rv32im/ilp32\libgcc.a(floatunsidf.o)
                              ./src/uart.o (__floatunsidf)
c:/users/admin/onedrive - stu.cdu.edu.cn/2024fpga/hummingbird/hbird-eclipse_2018_09/gnu mcu eclipse/risc-v embedded gcc/7.2.0-4-20180606-1631/bin/../lib/gcc/riscv-none-embed/7.2.0/rv32im/ilp32\libgcc.a(_clzsi2.o)
                              c:/users/admin/onedrive - stu.cdu.edu.cn/2024fpga/hummingbird/hbird-eclipse_2018_09/gnu mcu eclipse/risc-v embedded gcc/7.2.0-4-20180606-1631/bin/../lib/gcc/riscv-none-embed/7.2.0/rv32im/ilp32\libgcc.a(muldf3.o) (__clzsi2)
c:/users/admin/onedrive - stu.cdu.edu.cn/2024fpga/hummingbird/hbird-eclipse_2018_09/gnu mcu eclipse/risc-v embedded gcc/7.2.0-4-20180606-1631/bin/../lib/gcc/riscv-none-embed/7.2.0/rv32im/ilp32\libgcc.a(_clz.o)
                              c:/users/admin/onedrive - stu.cdu.edu.cn/2024fpga/hummingbird/hbird-eclipse_2018_09/gnu mcu eclipse/risc-v embedded gcc/7.2.0-4-20180606-1631/bin/../lib/gcc/riscv-none-embed/7.2.0/rv32im/ilp32\libgcc.a(_clzsi2.o) (__clz_tab)

Memory Configuration

Name             Origin             Length             Attributes
SMEM             0x0000000000001000 0x0000000000010000 xr
RAM              0x0000000000000000 0x0000000000001000 xrw
//FLASH          0x0000000000100000 0x0000000000400000 xr
//RAM            0x0000000000000000 0x0000000000000400 xrw
*default*        0x0000000000000000 0xffffffffffffffff

Linker script and memory map

LOAD ./src/main.o
LOAD ./src/start.o
LOAD ./src/uart.o
LOAD c:/users/admin/onedrive - stu.cdu.edu.cn/2024fpga/hummingbird/hbird-eclipse_2018_09/gnu mcu eclipse/risc-v embedded gcc/7.2.0-4-20180606-1631/bin/../lib/gcc/riscv-none-embed/7.2.0/rv32im/ilp32\libgcc.a
START GROUP
LOAD c:/users/admin/onedrive - stu.cdu.edu.cn/2024fpga/hummingbird/hbird-eclipse_2018_09/gnu mcu eclipse/risc-v embedded gcc/7.2.0-4-20180606-1631/bin/../lib/gcc/riscv-none-embed/7.2.0/rv32im/ilp32\libgcc.a
LOAD c:/users/admin/onedrive - stu.cdu.edu.cn/2024fpga/hummingbird/hbird-eclipse_2018_09/gnu mcu eclipse/risc-v embedded gcc/7.2.0-4-20180606-1631/bin/../lib/gcc/riscv-none-embed/7.2.0/../../../../riscv-none-embed/lib/rv32im/ilp32\libg.a
LOAD c:/users/admin/onedrive - stu.cdu.edu.cn/2024fpga/hummingbird/hbird-eclipse_2018_09/gnu mcu eclipse/risc-v embedded gcc/7.2.0-4-20180606-1631/bin/../lib/gcc/riscv-none-embed/7.2.0/../../../../riscv-none-embed/lib/rv32im/ilp32\libc.a
END GROUP
LOAD c:/users/admin/onedrive - stu.cdu.edu.cn/2024fpga/hummingbird/hbird-eclipse_2018_09/gnu mcu eclipse/risc-v embedded gcc/7.2.0-4-20180606-1631/bin/../lib/gcc/riscv-none-embed/7.2.0/rv32im/ilp32\libgcc.a

.text           0x0000000000001000     0x1944
                0x0000000000001000                . = ALIGN (0x4)
 *(.text)
 .text          0x0000000000001000        0x0 ./src/main.o
 .text          0x0000000000001000       0xc0 ./src/start.o
 .text          0x00000000000010c0        0x0 ./src/uart.o
 .text          0x00000000000010c0        0x0 c:/users/admin/onedrive - stu.cdu.edu.cn/2024fpga/hummingbird/hbird-eclipse_2018_09/gnu mcu eclipse/risc-v embedded gcc/7.2.0-4-20180606-1631/bin/../lib/gcc/riscv-none-embed/7.2.0/rv32im/ilp32\libgcc.a(muldf3.o)
 .text          0x00000000000010c0        0x0 c:/users/admin/onedrive - stu.cdu.edu.cn/2024fpga/hummingbird/hbird-eclipse_2018_09/gnu mcu eclipse/risc-v embedded gcc/7.2.0-4-20180606-1631/bin/../lib/gcc/riscv-none-embed/7.2.0/rv32im/ilp32\libgcc.a(subdf3.o)
 .text          0x00000000000010c0        0x0 c:/users/admin/onedrive - stu.cdu.edu.cn/2024fpga/hummingbird/hbird-eclipse_2018_09/gnu mcu eclipse/risc-v embedded gcc/7.2.0-4-20180606-1631/bin/../lib/gcc/riscv-none-embed/7.2.0/rv32im/ilp32\libgcc.a(fixdfsi.o)
 .text          0x00000000000010c0        0x0 c:/users/admin/onedrive - stu.cdu.edu.cn/2024fpga/hummingbird/hbird-eclipse_2018_09/gnu mcu eclipse/risc-v embedded gcc/7.2.0-4-20180606-1631/bin/../lib/gcc/riscv-none-embed/7.2.0/rv32im/ilp32\libgcc.a(floatunsidf.o)
 .text          0x00000000000010c0        0x0 c:/users/admin/onedrive - stu.cdu.edu.cn/2024fpga/hummingbird/hbird-eclipse_2018_09/gnu mcu eclipse/risc-v embedded gcc/7.2.0-4-20180606-1631/bin/../lib/gcc/riscv-none-embed/7.2.0/rv32im/ilp32\libgcc.a(_clzsi2.o)
 .text          0x00000000000010c0        0x0 c:/users/admin/onedrive - stu.cdu.edu.cn/2024fpga/hummingbird/hbird-eclipse_2018_09/gnu mcu eclipse/risc-v embedded gcc/7.2.0-4-20180606-1631/bin/../lib/gcc/riscv-none-embed/7.2.0/rv32im/ilp32\libgcc.a(_clz.o)
 *(.text*)
 .text.led_blink
                0x00000000000010c0       0x80 ./src/main.o
                0x00000000000010c0                led_blink
 .text.startup.main
                0x0000000000001140       0x5c ./src/main.o
                0x0000000000001140                main
 .text.print_num
                0x000000000000119c        0x6 ./src/uart.o
                0x000000000000119c                print_num
 .text.print_num.part.0
                0x00000000000011a2       0x4c ./src/uart.o
 .text.put_char
                0x00000000000011ee       0x20 ./src/uart.o
                0x00000000000011ee                put_char
 .text.print_str
                0x000000000000120e       0x28 ./src/uart.o
                0x000000000000120e                print_str
 .text.print_hex
                0x0000000000001236       0x4c ./src/uart.o
                0x0000000000001236                print_hex
 .text.print_hex2
                0x0000000000001282       0x10 ./src/uart.o
                0x0000000000001282                print_hex2
 .text.print_dec
                0x0000000000001292       0x10 ./src/uart.o
                0x0000000000001292                print_dec
 .text.print_flt
                0x00000000000012a2       0x78 ./src/uart.o
                0x00000000000012a2                print_flt
 .text.printk   0x000000000000131a      0x134 ./src/uart.o
                0x000000000000131a                printk
 .text.getchar_prompt
                0x000000000000144e       0x84 ./src/uart.o
                0x000000000000144e                getchar_prompt
 .text.get_char
                0x00000000000014d2       0x2a ./src/uart.o
                0x00000000000014d2                get_char
 .text.__muldf3
                0x00000000000014fc      0x68c c:/users/admin/onedrive - stu.cdu.edu.cn/2024fpga/hummingbird/hbird-eclipse_2018_09/gnu mcu eclipse/risc-v embedded gcc/7.2.0-4-20180606-1631/bin/../lib/gcc/riscv-none-embed/7.2.0/rv32im/ilp32\libgcc.a(muldf3.o)
                0x00000000000014fc                __muldf3
 .text.__subdf3
                0x0000000000001b88      0x880 c:/users/admin/onedrive - stu.cdu.edu.cn/2024fpga/hummingbird/hbird-eclipse_2018_09/gnu mcu eclipse/risc-v embedded gcc/7.2.0-4-20180606-1631/bin/../lib/gcc/riscv-none-embed/7.2.0/rv32im/ilp32\libgcc.a(subdf3.o)
                0x0000000000001b88                __subdf3
 .text.__fixdfsi
                0x0000000000002408       0x84 c:/users/admin/onedrive - stu.cdu.edu.cn/2024fpga/hummingbird/hbird-eclipse_2018_09/gnu mcu eclipse/risc-v embedded gcc/7.2.0-4-20180606-1631/bin/../lib/gcc/riscv-none-embed/7.2.0/rv32im/ilp32\libgcc.a(fixdfsi.o)
                0x0000000000002408                __fixdfsi
 .text.__floatunsidf
                0x000000000000248c       0xc0 c:/users/admin/onedrive - stu.cdu.edu.cn/2024fpga/hummingbird/hbird-eclipse_2018_09/gnu mcu eclipse/risc-v embedded gcc/7.2.0-4-20180606-1631/bin/../lib/gcc/riscv-none-embed/7.2.0/rv32im/ilp32\libgcc.a(floatunsidf.o)
                0x000000000000248c                __floatunsidf
 .text.__clzsi2
                0x000000000000254c       0x94 c:/users/admin/onedrive - stu.cdu.edu.cn/2024fpga/hummingbird/hbird-eclipse_2018_09/gnu mcu eclipse/risc-v embedded gcc/7.2.0-4-20180606-1631/bin/../lib/gcc/riscv-none-embed/7.2.0/rv32im/ilp32\libgcc.a(_clzsi2.o)
                0x000000000000254c                __clzsi2
 *(.rodata)
 *(.rodata*)
 .rodata.led_blink.str1.4
                0x00000000000025e0       0x2e ./src/main.o
 *fill*         0x000000000000260e        0x2 
 .rodata.main.cst8
                0x0000000000002610       0x10 ./src/main.o
 .rodata.main.str1.4
                0x0000000000002620       0x77 ./src/main.o
 *fill*         0x0000000000002697        0x1 
 .rodata.printk
                0x0000000000002698      0x150 ./src/uart.o
 .rodata.print_flt.cst8
                0x00000000000027e8        0x8 ./src/uart.o
 .rodata.print_num.part.0.str1.4
                0x00000000000027f0       0x14 ./src/uart.o
                                         0x11 (size before relaxing)
 .rodata.__muldf3
                0x0000000000002804       0x40 c:/users/admin/onedrive - stu.cdu.edu.cn/2024fpga/hummingbird/hbird-eclipse_2018_09/gnu mcu eclipse/risc-v embedded gcc/7.2.0-4-20180606-1631/bin/../lib/gcc/riscv-none-embed/7.2.0/rv32im/ilp32\libgcc.a(muldf3.o)
 .rodata.__clz_tab
                0x0000000000002844      0x100 c:/users/admin/onedrive - stu.cdu.edu.cn/2024fpga/hummingbird/hbird-eclipse_2018_09/gnu mcu eclipse/risc-v embedded gcc/7.2.0-4-20180606-1631/bin/../lib/gcc/riscv-none-embed/7.2.0/rv32im/ilp32\libgcc.a(_clz.o)
                0x0000000000002844                __clz_tab
 *(.srodata)
 *(.srodata*)
                0x0000000000002944                . = ALIGN (0x4)
                0x0000000000002944                _etext = .
                0x0000000000002944                _sidata = _etext

.rela.dyn       0x0000000000002944        0x0
 .rela.text.led_blink
                0x0000000000002944        0x0 ./src/main.o
 .rela.text.startup.main
                0x0000000000002944        0x0 ./src/main.o
 .rela.text     0x0000000000002944        0x0 ./src/main.o
 .rela.text.print_flt
                0x0000000000002944        0x0 ./src/main.o
 .rela.text.__muldf3
                0x0000000000002944        0x0 ./src/main.o
 .rela.text.__subdf3
                0x0000000000002944        0x0 ./src/main.o
 .rela.text.__floatunsidf
                0x0000000000002944        0x0 ./src/main.o
 .rela.text.__clzsi2
                0x0000000000002944        0x0 ./src/main.o

.data           0x0000000000000000        0x0 load address 0x0000000000002944
                0x0000000000000000                . = ALIGN (0x4)
                0x0000000000000000                _sdata = .
                0x0000000000000000                _ram_start = .
                0x0000000000000000                . = ALIGN (0x4)
 *(.data)
 .data          0x0000000000000000        0x0 ./src/main.o
 .data          0x0000000000000000        0x0 ./src/start.o
 .data          0x0000000000000000        0x0 ./src/uart.o
 .data          0x0000000000000000        0x0 c:/users/admin/onedrive - stu.cdu.edu.cn/2024fpga/hummingbird/hbird-eclipse_2018_09/gnu mcu eclipse/risc-v embedded gcc/7.2.0-4-20180606-1631/bin/../lib/gcc/riscv-none-embed/7.2.0/rv32im/ilp32\libgcc.a(muldf3.o)
 .data          0x0000000000000000        0x0 c:/users/admin/onedrive - stu.cdu.edu.cn/2024fpga/hummingbird/hbird-eclipse_2018_09/gnu mcu eclipse/risc-v embedded gcc/7.2.0-4-20180606-1631/bin/../lib/gcc/riscv-none-embed/7.2.0/rv32im/ilp32\libgcc.a(subdf3.o)
 .data          0x0000000000000000        0x0 c:/users/admin/onedrive - stu.cdu.edu.cn/2024fpga/hummingbird/hbird-eclipse_2018_09/gnu mcu eclipse/risc-v embedded gcc/7.2.0-4-20180606-1631/bin/../lib/gcc/riscv-none-embed/7.2.0/rv32im/ilp32\libgcc.a(fixdfsi.o)
 .data          0x0000000000000000        0x0 c:/users/admin/onedrive - stu.cdu.edu.cn/2024fpga/hummingbird/hbird-eclipse_2018_09/gnu mcu eclipse/risc-v embedded gcc/7.2.0-4-20180606-1631/bin/../lib/gcc/riscv-none-embed/7.2.0/rv32im/ilp32\libgcc.a(floatunsidf.o)
 .data          0x0000000000000000        0x0 c:/users/admin/onedrive - stu.cdu.edu.cn/2024fpga/hummingbird/hbird-eclipse_2018_09/gnu mcu eclipse/risc-v embedded gcc/7.2.0-4-20180606-1631/bin/../lib/gcc/riscv-none-embed/7.2.0/rv32im/ilp32\libgcc.a(_clzsi2.o)
 .data          0x0000000000000000        0x0 c:/users/admin/onedrive - stu.cdu.edu.cn/2024fpga/hummingbird/hbird-eclipse_2018_09/gnu mcu eclipse/risc-v embedded gcc/7.2.0-4-20180606-1631/bin/../lib/gcc/riscv-none-embed/7.2.0/rv32im/ilp32\libgcc.a(_clz.o)
 *(.data*)
 *(.sdata)
 *(.sdata*)
                0x0000000000000000                . = ALIGN (0x4)
                0x0000000000000000                _edata = .

.bss            0x0000000000000000        0x4 load address 0x0000000000002944
                0x0000000000000000                . = ALIGN (0x4)
                0x0000000000000000                _sbss = .
 *(.bss)
 .bss           0x0000000000000000        0x0 ./src/main.o
 .bss           0x0000000000000000        0x0 ./src/start.o
 .bss           0x0000000000000000        0x0 ./src/uart.o
 .bss           0x0000000000000000        0x0 c:/users/admin/onedrive - stu.cdu.edu.cn/2024fpga/hummingbird/hbird-eclipse_2018_09/gnu mcu eclipse/risc-v embedded gcc/7.2.0-4-20180606-1631/bin/../lib/gcc/riscv-none-embed/7.2.0/rv32im/ilp32\libgcc.a(muldf3.o)
 .bss           0x0000000000000000        0x0 c:/users/admin/onedrive - stu.cdu.edu.cn/2024fpga/hummingbird/hbird-eclipse_2018_09/gnu mcu eclipse/risc-v embedded gcc/7.2.0-4-20180606-1631/bin/../lib/gcc/riscv-none-embed/7.2.0/rv32im/ilp32\libgcc.a(subdf3.o)
 .bss           0x0000000000000000        0x0 c:/users/admin/onedrive - stu.cdu.edu.cn/2024fpga/hummingbird/hbird-eclipse_2018_09/gnu mcu eclipse/risc-v embedded gcc/7.2.0-4-20180606-1631/bin/../lib/gcc/riscv-none-embed/7.2.0/rv32im/ilp32\libgcc.a(fixdfsi.o)
 .bss           0x0000000000000000        0x0 c:/users/admin/onedrive - stu.cdu.edu.cn/2024fpga/hummingbird/hbird-eclipse_2018_09/gnu mcu eclipse/risc-v embedded gcc/7.2.0-4-20180606-1631/bin/../lib/gcc/riscv-none-embed/7.2.0/rv32im/ilp32\libgcc.a(floatunsidf.o)
 .bss           0x0000000000000000        0x0 c:/users/admin/onedrive - stu.cdu.edu.cn/2024fpga/hummingbird/hbird-eclipse_2018_09/gnu mcu eclipse/risc-v embedded gcc/7.2.0-4-20180606-1631/bin/../lib/gcc/riscv-none-embed/7.2.0/rv32im/ilp32\libgcc.a(_clzsi2.o)
 .bss           0x0000000000000000        0x0 c:/users/admin/onedrive - stu.cdu.edu.cn/2024fpga/hummingbird/hbird-eclipse_2018_09/gnu mcu eclipse/risc-v embedded gcc/7.2.0-4-20180606-1631/bin/../lib/gcc/riscv-none-embed/7.2.0/rv32im/ilp32\libgcc.a(_clz.o)
 *(.bss*)
 *(.sbss)
 *(.sbss*)
 .sbss.temp_data
                0x0000000000000000        0x4 ./src/main.o
                0x0000000000000000                temp_data
 *(COMMON)
                0x0000000000000004                . = ALIGN (0x4)
                0x0000000000000004                _ebss = .

.heap           0x0000000000000004        0x0
                0x0000000000000004                . = ALIGN (0x4)
                0x0000000000000004                _heap_start = .
OUTPUT(pico_test_1.elf elf32-littleriscv)

.debug_info     0x0000000000000000     0x1a1b
 .debug_info    0x0000000000000000      0x9b6 ./src/main.o
 .debug_info    0x00000000000009b6       0x26 ./src/start.o
 .debug_info    0x00000000000009dc     0x103f ./src/uart.o

.debug_abbrev   0x0000000000000000      0x58c
 .debug_abbrev  0x0000000000000000      0x214 ./src/main.o
 .debug_abbrev  0x0000000000000214       0x14 ./src/start.o
 .debug_abbrev  0x0000000000000228      0x364 ./src/uart.o

.debug_loc      0x0000000000000000      0x739
 .debug_loc     0x0000000000000000       0x42 ./src/main.o
 .debug_loc     0x0000000000000042      0x6f7 ./src/uart.o

.debug_aranges  0x0000000000000000       0xb8
 .debug_aranges
                0x0000000000000000       0x28 ./src/main.o
 .debug_aranges
                0x0000000000000028       0x20 ./src/start.o
 .debug_aranges
                0x0000000000000048       0x70 ./src/uart.o

.debug_ranges   0x0000000000000000      0x300
 .debug_ranges  0x0000000000000000       0x18 ./src/main.o
 .debug_ranges  0x0000000000000018      0x2e8 ./src/uart.o

.debug_line     0x0000000000000000      0xc7f
 .debug_line    0x0000000000000000      0x381 ./src/main.o
 .debug_line    0x0000000000000381      0x16f ./src/start.o
 .debug_line    0x00000000000004f0      0x78f ./src/uart.o

.debug_str      0x0000000000000000      0x66d
 .debug_str     0x0000000000000000      0x584 ./src/main.o
                                        0x5e5 (size before relaxing)
 .debug_str     0x0000000000000584       0x1b ./src/start.o
                                         0x9f (size before relaxing)
 .debug_str     0x000000000000059f       0xce ./src/uart.o
                                        0x6af (size before relaxing)

.comment        0x0000000000000000       0x3a
 .comment       0x0000000000000000       0x3a ./src/main.o
                                         0x3b (size before relaxing)
 .comment       0x000000000000003a       0x3b ./src/uart.o

.debug_frame    0x0000000000000000      0x2d0
 .debug_frame   0x0000000000000000       0x50 ./src/main.o
 .debug_frame   0x0000000000000050      0x178 ./src/uart.o
 .debug_frame   0x00000000000001c8       0x54 c:/users/admin/onedrive - stu.cdu.edu.cn/2024fpga/hummingbird/hbird-eclipse_2018_09/gnu mcu eclipse/risc-v embedded gcc/7.2.0-4-20180606-1631/bin/../lib/gcc/riscv-none-embed/7.2.0/rv32im/ilp32\libgcc.a(muldf3.o)
 .debug_frame   0x000000000000021c       0x40 c:/users/admin/onedrive - stu.cdu.edu.cn/2024fpga/hummingbird/hbird-eclipse_2018_09/gnu mcu eclipse/risc-v embedded gcc/7.2.0-4-20180606-1631/bin/../lib/gcc/riscv-none-embed/7.2.0/rv32im/ilp32\libgcc.a(subdf3.o)
 .debug_frame   0x000000000000025c       0x20 c:/users/admin/onedrive - stu.cdu.edu.cn/2024fpga/hummingbird/hbird-eclipse_2018_09/gnu mcu eclipse/risc-v embedded gcc/7.2.0-4-20180606-1631/bin/../lib/gcc/riscv-none-embed/7.2.0/rv32im/ilp32\libgcc.a(fixdfsi.o)
 .debug_frame   0x000000000000027c       0x34 c:/users/admin/onedrive - stu.cdu.edu.cn/2024fpga/hummingbird/hbird-eclipse_2018_09/gnu mcu eclipse/risc-v embedded gcc/7.2.0-4-20180606-1631/bin/../lib/gcc/riscv-none-embed/7.2.0/rv32im/ilp32\libgcc.a(floatunsidf.o)
 .debug_frame   0x00000000000002b0       0x20 c:/users/admin/onedrive - stu.cdu.edu.cn/2024fpga/hummingbird/hbird-eclipse_2018_09/gnu mcu eclipse/risc-v embedded gcc/7.2.0-4-20180606-1631/bin/../lib/gcc/riscv-none-embed/7.2.0/rv32im/ilp32\libgcc.a(_clzsi2.o)
